Archive member included to satisfy reference by file (symbol)

c:/program files (x86)/atmel/studio/7.0/toolchain/avr8/avr8-gnu-toolchain/bin/../lib/gcc/avr/5.4.0/avr5\libgcc.a(_udivmodhi4.o)
                              APP/Filter.o (__udivmodhi4)
c:/program files (x86)/atmel/studio/7.0/toolchain/avr8/avr8-gnu-toolchain/bin/../lib/gcc/avr/5.4.0/avr5\libgcc.a(_udivmodsi4.o)
                              HAL/SERVO_Prg.o (__udivmodsi4)
c:/program files (x86)/atmel/studio/7.0/toolchain/avr8/avr8-gnu-toolchain/bin/../lib/gcc/avr/5.4.0/avr5\libgcc.a(_divmodsi4.o)
                              String.o (__divmodsi4)
c:/program files (x86)/atmel/studio/7.0/toolchain/avr8/avr8-gnu-toolchain/bin/../lib/gcc/avr/5.4.0/avr5\libgcc.a(_negsi2.o)
                              c:/program files (x86)/atmel/studio/7.0/toolchain/avr8/avr8-gnu-toolchain/bin/../lib/gcc/avr/5.4.0/avr5\libgcc.a(_divmodsi4.o) (__negsi2)
c:/program files (x86)/atmel/studio/7.0/toolchain/avr8/avr8-gnu-toolchain/bin/../lib/gcc/avr/5.4.0/avr5\libgcc.a(_exit.o)
                              C:/Program Files (x86)/Atmel/Studio/7.0/Packs/atmel/ATmega_DFP/1.7.374/gcc/dev/atmega32/avr5/crtatmega32.o (exit)
c:/program files (x86)/atmel/studio/7.0/toolchain/avr8/avr8-gnu-toolchain/bin/../lib/gcc/avr/5.4.0/avr5\libgcc.a(_tablejump2.o)
                              HAL/STEPPER_MOTOR.o (__tablejump2__)
c:/program files (x86)/atmel/studio/7.0/toolchain/avr8/avr8-gnu-toolchain/bin/../lib/gcc/avr/5.4.0/avr5\libgcc.a(_copy_data.o)
                              APP/SMART_HOUSE.o (__do_copy_data)
c:/program files (x86)/atmel/studio/7.0/toolchain/avr8/avr8-gnu-toolchain/bin/../lib/gcc/avr/5.4.0/avr5\libgcc.a(_clear_bss.o)
                              APP/Filter.o (__do_clear_bss)
c:/program files (x86)/atmel/studio/7.0/toolchain/avr8/avr8-gnu-toolchain/bin/../lib/gcc/avr/5.4.0/avr5\libgcc.a(_bswapsi2.o)
                              SERVICE/UART_Service.o (__bswapsi2)
c:/program files (x86)/atmel/studio/7.0/toolchain/avr8/avr8-gnu-toolchain/bin/../lib/gcc/avr/5.4.0/avr5\libgcc.a(_umulhisi3.o)
                              HAL/SERVO_Prg.o (__umulhisi3)

Allocating common symbols
Common symbol       size              file

DistanceArr         0x8               HAL/ULTRASONIC_Prg.o
Finish_Flag         0x1               SERVICE/UART_Service.o
FilterArr           0x14              APP/Filter.o
t2                  0x2               HAL/ULTRASONIC_Prg.o
Arr_Index           0x1               HAL/DHT22_Prg.o
DHTArr              0x28              HAL/DHT22_Prg.o
UNF_Value           0x2               APP/Filter.o
t1                  0x2               HAL/ULTRASONIC_Prg.o
Filter_INDEX        0x1               APP/Filter.o
AIR_OFF_Flag        0x1               APP/SMART_HOUSE.o
F_Value             0x2               APP/Filter.o
F3                  0x1               HAL/ULTRASONIC_Prg.o
BufferArr           0x8               HAL/ULTRASONIC_Prg.o
Undetected_Flag     0x1               HAL/ULTRASONIC_Prg.o
F2                  0x1               HAL/ULTRASONIC_Prg.o
Flag                0x1               HAL/ULTRASONIC_Prg.o

Discarded input sections

 .data          0x00000000        0x0 C:/Program Files (x86)/Atmel/Studio/7.0/Packs/atmel/ATmega_DFP/1.7.374/gcc/dev/atmega32/avr5/crtatmega32.o
 .bss           0x00000000        0x0 C:/Program Files (x86)/Atmel/Studio/7.0/Packs/atmel/ATmega_DFP/1.7.374/gcc/dev/atmega32/avr5/crtatmega32.o
 .text          0x00000000        0x0 APP/Filter.o
 .data          0x00000000        0x0 APP/Filter.o
 .bss           0x00000000        0x0 APP/Filter.o
 .text.Filter_GetUnFilteredValue
                0x00000000        0xa APP/Filter.o
 .text          0x00000000        0x0 APP/SMART_HOUSE.o
 .data          0x00000000        0x0 APP/SMART_HOUSE.o
 .bss           0x00000000        0x0 APP/SMART_HOUSE.o
 .text          0x00000000        0x0 CFG/ADC_Cfg.o
 .data          0x00000000        0x0 CFG/ADC_Cfg.o
 .bss           0x00000000        0x0 CFG/ADC_Cfg.o
 .text          0x00000000        0x0 CFG/DIO_Cfg.o
 .data          0x00000000        0x0 CFG/DIO_Cfg.o
 .bss           0x00000000        0x0 CFG/DIO_Cfg.o
 .text          0x00000000        0x0 CFG/KEYPAD_Cfg.o
 .data          0x00000000        0x0 CFG/KEYPAD_Cfg.o
 .bss           0x00000000        0x0 CFG/KEYPAD_Cfg.o
 .text          0x00000000        0x0 CFG/MOTOR_Cfg.o
 .data          0x00000000        0x0 CFG/MOTOR_Cfg.o
 .bss           0x00000000        0x0 CFG/MOTOR_Cfg.o
 .text          0x00000000        0x0 CFG/Sensors_Cfg.o
 .data          0x00000000        0x0 CFG/Sensors_Cfg.o
 .bss           0x00000000        0x0 CFG/Sensors_Cfg.o
 .comment       0x00000000       0x31 CFG/Sensors_Cfg.o
 .text          0x00000000        0x0 HAL/DHT22_Prg.o
 .data          0x00000000        0x0 HAL/DHT22_Prg.o
 .bss           0x00000000        0x0 HAL/DHT22_Prg.o
 .text.ICU_Func
                0x00000000       0x8c HAL/DHT22_Prg.o
 .text.DHT22_Init
                0x00000000       0x1c HAL/DHT22_Prg.o
 .text.DHT22_SendRequest
                0x00000000       0x42 HAL/DHT22_Prg.o
 .text.DHT22_Calc
                0x00000000      0x13a HAL/DHT22_Prg.o
 .text.DHT22_Runnable
                0x00000000       0x1a HAL/DHT22_Prg.o
 .text.DHT22_GetTemp
                0x00000000       0x2c HAL/DHT22_Prg.o
 .text.DHT22_GetHumidity
                0x00000000        0xa HAL/DHT22_Prg.o
 .bss.flag      0x00000000        0x1 HAL/DHT22_Prg.o
 .bss.Signed_Flag
                0x00000000        0x1 HAL/DHT22_Prg.o
 .bss.Total_Sum
                0x00000000        0x2 HAL/DHT22_Prg.o
 .bss.Temp      0x00000000        0x2 HAL/DHT22_Prg.o
 .bss.Humidity  0x00000000        0x2 HAL/DHT22_Prg.o
 .bss.t2        0x00000000        0x2 HAL/DHT22_Prg.o
 .bss.t1        0x00000000        0x2 HAL/DHT22_Prg.o
 .comment       0x00000000       0x31 HAL/DHT22_Prg.o
 COMMON         0x00000000       0x29 HAL/DHT22_Prg.o
 .text          0x00000000        0x0 HAL/KEYPAD_Prg.o
 .data          0x00000000        0x0 HAL/KEYPAD_Prg.o
 .bss           0x00000000        0x0 HAL/KEYPAD_Prg.o
 .text          0x00000000        0x0 HAL/LCD_Prg.o
 .data          0x00000000        0x0 HAL/LCD_Prg.o
 .bss           0x00000000        0x0 HAL/LCD_Prg.o
 .text.LCD_WriteNumber8
                0x00000000       0x5a HAL/LCD_Prg.o
 .rodata.str1.1
                0x00000000        0x6 HAL/LCD_Prg.o
 .text.LCD_WriteBinary
                0x00000000       0x3c HAL/LCD_Prg.o
 .text.LCD_WriteBinary2
                0x00000000       0x4a HAL/LCD_Prg.o
 .text.LCD_WriteHex
                0x00000000       0x48 HAL/LCD_Prg.o
 .text.LCD_WriteHex2
                0x00000000       0xa8 HAL/LCD_Prg.o
 .text.LCD_WriteHex3
                0x00000000      0x184 HAL/LCD_Prg.o
 .text.LCD_WriteStringCursor
                0x00000000       0x14 HAL/LCD_Prg.o
 .text.LCD_CleanCursor
                0x00000000       0x20 HAL/LCD_Prg.o
 .text.LCD_CustomChar
                0x00000000       0x30 HAL/LCD_Prg.o
 .text          0x00000000        0x0 HAL/LEDS_Prg.o
 .data          0x00000000        0x0 HAL/LEDS_Prg.o
 .bss           0x00000000        0x0 HAL/LEDS_Prg.o
 .text          0x00000000        0x0 HAL/MOTOR_Prg.o
 .data          0x00000000        0x0 HAL/MOTOR_Prg.o
 .bss           0x00000000        0x0 HAL/MOTOR_Prg.o
 .text.MOTOR_CCW
                0x00000000       0x3c HAL/MOTOR_Prg.o
 .text          0x00000000        0x0 HAL/RGB.o
 .data          0x00000000        0x0 HAL/RGB.o
 .bss           0x00000000        0x0 HAL/RGB.o
 .text.RGB_SelectColor
                0x00000000       0x66 HAL/RGB.o
 .text.RGB_GetColor_Values
                0x00000000       0x5e HAL/RGB.o
 .bss.flag1.1805
                0x00000000        0x1 HAL/RGB.o
 .bss.flag.1799
                0x00000000        0x1 HAL/RGB.o
 .data.ColorsArr
                0x00000000       0x15 HAL/RGB.o
 .comment       0x00000000       0x31 HAL/RGB.o
 .text          0x00000000        0x0 HAL/Sensors_Prgc.o
 .data          0x00000000        0x0 HAL/Sensors_Prgc.o
 .bss           0x00000000        0x0 HAL/Sensors_Prgc.o
 .text.SENSOR_ReadPressre
                0x00000000       0x14 HAL/Sensors_Prgc.o
 .text.SENSOR_ReadDistanc
                0x00000000        0xa HAL/Sensors_Prgc.o
 .text          0x00000000        0x0 HAL/SERVO_Prg.o
 .data          0x00000000        0x0 HAL/SERVO_Prg.o
 .bss           0x00000000        0x0 HAL/SERVO_Prg.o
 .text          0x00000000        0x0 HAL/STEPPER_MOTOR.o
 .data          0x00000000        0x0 HAL/STEPPER_MOTOR.o
 .bss           0x00000000        0x0 HAL/STEPPER_MOTOR.o
 .text.Stepper_ByStep
                0x00000000       0x9c HAL/STEPPER_MOTOR.o
 .progmem.gcc_sw_table.Stepper_ByStep
                0x00000000       0x10 HAL/STEPPER_MOTOR.o
 .comment       0x00000000       0x31 HAL/STEPPER_MOTOR.o
 .text          0x00000000        0x0 HAL/ULTRASONIC_Prg.o
 .data          0x00000000        0x0 HAL/ULTRASONIC_Prg.o
 .bss           0x00000000        0x0 HAL/ULTRASONIC_Prg.o
 .text.ULTRASONIC_Func2
                0x00000000       0x3e HAL/ULTRASONIC_Prg.o
 .text.ULTRASONIC_Init
                0x00000000        0x8 HAL/ULTRASONIC_Prg.o
 .text.ULTRASONIC_Runnable
                0x00000000       0x4c HAL/ULTRASONIC_Prg.o
 .text.ULTRASONIC_Periodic_Ceck
                0x00000000       0xba HAL/ULTRASONIC_Prg.o
 .text.ULTRASONIC_GetDistance
                0x00000000       0x12 HAL/ULTRASONIC_Prg.o
 .bss.c2.1976   0x00000000        0x1 HAL/ULTRASONIC_Prg.o
 .bss.x.1975    0x00000000        0x1 HAL/ULTRASONIC_Prg.o
 .data.i.1971   0x00000000        0x1 HAL/ULTRASONIC_Prg.o
 .comment       0x00000000       0x31 HAL/ULTRASONIC_Prg.o
 COMMON         0x00000000       0x18 HAL/ULTRASONIC_Prg.o
 .text          0x00000000        0x0 main.o
 .data          0x00000000        0x0 main.o
 .bss           0x00000000        0x0 main.o
 .text          0x00000000        0x0 MCAL/ADC_Prg.o
 .data          0x00000000        0x0 MCAL/ADC_Prg.o
 .bss           0x00000000        0x0 MCAL/ADC_Prg.o
 .text.ADC_StartConversion
                0x00000000       0x1e MCAL/ADC_Prg.o
 .text.ADC_GetRead
                0x00000000        0xe MCAL/ADC_Prg.o
 .text.ADC_GetReadPeriodic
                0x00000000       0x20 MCAL/ADC_Prg.o
 .text.ADC_ReadVolt
                0x00000000       0x26 MCAL/ADC_Prg.o
 .bss.ConversionFlag
                0x00000000        0x1 MCAL/ADC_Prg.o
 .text          0x00000000        0x0 MCAL/DIO_Prg.o
 .data          0x00000000        0x0 MCAL/DIO_Prg.o
 .bss           0x00000000        0x0 MCAL/DIO_Prg.o
 .text.DIO_TogglePin
                0x00000000       0x6e MCAL/DIO_Prg.o
 .text.DIO_WritePort
                0x00000000       0x20 MCAL/DIO_Prg.o
 .text.DIO_ReadPort
                0x00000000       0x24 MCAL/DIO_Prg.o
 .text          0x00000000        0x0 MCAL/EEPROM_Prg.o
 .data          0x00000000        0x0 MCAL/EEPROM_Prg.o
 .bss           0x00000000        0x0 MCAL/EEPROM_Prg.o
 .text.EEPROM_InterruptEnable
                0x00000000        0x4 MCAL/EEPROM_Prg.o
 .text.EEPROM_InterruptDisable
                0x00000000        0x4 MCAL/EEPROM_Prg.o
 .text.EEPROM_SetCallback
                0x00000000        0xa MCAL/EEPROM_Prg.o
 .text          0x00000000        0x0 MCAL/EX_Interrupt.o
 .data          0x00000000        0x0 MCAL/EX_Interrupt.o
 .bss           0x00000000        0x0 MCAL/EX_Interrupt.o
 .text.EX_SetCallBack
                0x00000000       0x2a MCAL/EX_Interrupt.o
 .text.EX_Interrupt_TriggerEdge_ByNUM
                0x00000000       0xd0 MCAL/EX_Interrupt.o
 .text.EX_Interrupt_TriggerEdge
                0x00000000       0x8e MCAL/EX_Interrupt.o
 .text.EX_Interrupt_EN
                0x00000000       0x20 MCAL/EX_Interrupt.o
 .text.EX_Interrupt_DIS
                0x00000000       0x20 MCAL/EX_Interrupt.o
 .text.EX_Interrupt_GlobalEnable
                0x00000000        0x4 MCAL/EX_Interrupt.o
 .text.EX_Interrupt_GlobalDisable
                0x00000000        0x4 MCAL/EX_Interrupt.o
 .text          0x00000000        0x0 MCAL/SPI_Prg.o
 .data          0x00000000        0x0 MCAL/SPI_Prg.o
 .bss           0x00000000        0x0 MCAL/SPI_Prg.o
 .text.SPI_Init
                0x00000000        0x6 MCAL/SPI_Prg.o
 .text.SPI_SendReceive
                0x00000000        0xe MCAL/SPI_Prg.o
 .text.SPI_ReceiveSend_Timeout
                0x00000000       0x34 MCAL/SPI_Prg.o
 .text.SPI_SendNoBlock
                0x00000000        0x8 MCAL/SPI_Prg.o
 .text.SPI_ReceivePerodic
                0x00000000       0x16 MCAL/SPI_Prg.o
 .text.SPI_InterruptEnable
                0x00000000        0x6 MCAL/SPI_Prg.o
 .text.SPI_InterruptDisable
                0x00000000        0x6 MCAL/SPI_Prg.o
 .text.SPI_SetCallBack
                0x00000000        0xa MCAL/SPI_Prg.o
 .text          0x00000000        0x0 MCAL/TIMERS.o
 .data          0x00000000        0x0 MCAL/TIMERS.o
 .bss           0x00000000        0x0 MCAL/TIMERS.o
 .text.TIMER0_set
                0x00000000        0x4 MCAL/TIMERS.o
 .text.TIMER0_get
                0x00000000        0x4 MCAL/TIMERS.o
 .text.TIMER0_OCR_set
                0x00000000        0x4 MCAL/TIMERS.o
 .text.TIMER0_OV_SetCallBack
                0x00000000        0xa MCAL/TIMERS.o
 .text.TIMER0_OC_intSetCallBack
                0x00000000        0xa MCAL/TIMERS.o
 .text.TIMER0_OV_InterruptEnable
                0x00000000        0x8 MCAL/TIMERS.o
 .text.TIMER0_OV_InterruptDisable
                0x00000000        0x8 MCAL/TIMERS.o
 .text.TIMER0_OC_InterruptEnable
                0x00000000        0x8 MCAL/TIMERS.o
 .text.TIMER0_OC_InterruptDisable
                0x00000000        0x8 MCAL/TIMERS.o
 .text.Timer1_InputCaptureEdge
                0x00000000       0x16 MCAL/TIMERS.o
 .text.TIMER1_set
                0x00000000        0x6 MCAL/TIMERS.o
 .text.TIMER1_get
                0x00000000        0x6 MCAL/TIMERS.o
 .text.TIMER1_OCRA_set
                0x00000000        0x6 MCAL/TIMERS.o
 .text.TIMER1_OCRB_set
                0x00000000        0x6 MCAL/TIMERS.o
 .text.TIMER1_ICR_set
                0x00000000        0x6 MCAL/TIMERS.o
 .text.TIMER1_ICR_get
                0x00000000        0x6 MCAL/TIMERS.o
 .text.Timer1_ICU_InterruptEnable
                0x00000000        0x8 MCAL/TIMERS.o
 .text.Timer1_ICU_InterruptDisable
                0x00000000        0x8 MCAL/TIMERS.o
 .text.Timer1_OVF_InterruptEnable
                0x00000000        0x8 MCAL/TIMERS.o
 .text.Timer1_OVF_InterruptDisable
                0x00000000        0x8 MCAL/TIMERS.o
 .text.Timer1_OCA_InterruptEnable
                0x00000000        0x8 MCAL/TIMERS.o
 .text.Timer1_OCA_InterruptDisable
                0x00000000        0x8 MCAL/TIMERS.o
 .text.Timer1_OCB_InterruptEnable
                0x00000000        0x8 MCAL/TIMERS.o
 .text.Timer1_OCB_InterruptDisable
                0x00000000        0x8 MCAL/TIMERS.o
 .text.Timer1_OVF_SetCallBack
                0x00000000        0xa MCAL/TIMERS.o
 .text.Timer1_OCA_SetCallBack
                0x00000000        0xa MCAL/TIMERS.o
 .text.Timer1_OCB_SetCallBack
                0x00000000        0xa MCAL/TIMERS.o
 .text.Timer1_ICU_SetCallBack
                0x00000000        0xa MCAL/TIMERS.o
 .text          0x00000000        0x0 MCAL/UART_Prg.o
 .data          0x00000000        0x0 MCAL/UART_Prg.o
 .bss           0x00000000        0x0 MCAL/UART_Prg.o
 .text.UART_Send
                0x00000000        0x8 MCAL/UART_Prg.o
 .text.UART_Receive
                0x00000000        0x8 MCAL/UART_Prg.o
 .text.UART_ReceivePeriodic
                0x00000000       0x16 MCAL/UART_Prg.o
 .text.UART_RX_InterruptDisable
                0x00000000        0x4 MCAL/UART_Prg.o
 .text.UART_TX_InterruptDisable
                0x00000000        0x4 MCAL/UART_Prg.o
 .text          0x00000000        0x0 MCAL/WDT.o
 .data          0x00000000        0x0 MCAL/WDT.o
 .bss           0x00000000        0x0 MCAL/WDT.o
 .text.WDT_Set  0x00000000        0xc MCAL/WDT.o
 .text.WDT_Stop
                0x00000000        0x8 MCAL/WDT.o
 .text          0x00000000        0x0 SERVICE/Timers_Service.o
 .data          0x00000000        0x0 SERVICE/Timers_Service.o
 .bss           0x00000000        0x0 SERVICE/Timers_Service.o
 .text.Timer_func
                0x00000000       0x5c SERVICE/Timers_Service.o
 .text.Func_ICU
                0x00000000       0x72 SERVICE/Timers_Service.o
 .text.PWM_Freq_KHZ
                0x00000000       0x24 SERVICE/Timers_Service.o
 .text.PWM_Freq_HZ
                0x00000000       0x2c SERVICE/Timers_Service.o
 .text.PWM_Duty_TIMER1
                0x00000000       0x34 SERVICE/Timers_Service.o
 .text.Timer1_SetInterruptTime_ms
                0x00000000       0x24 SERVICE/Timers_Service.o
 .text.Timer1_SetInterruptTime_us
                0x00000000       0x10 SERVICE/Timers_Service.o
 .text.PWM_Measure2
                0x00000000       0xaa SERVICE/Timers_Service.o
 .text.PWM_Measure
                0x00000000      0x102 SERVICE/Timers_Service.o
 .text.Timer1_SetInterruptTime_s
                0x00000000       0x5e SERVICE/Timers_Service.o
 .bss.c.2052    0x00000000        0x4 SERVICE/Timers_Service.o
 .bss.fptr_timer
                0x00000000        0x2 SERVICE/Timers_Service.o
 .bss.NofOverFlow
                0x00000000        0x4 SERVICE/Timers_Service.o
 .bss.flag      0x00000000        0x2 SERVICE/Timers_Service.o
 .bss.t3        0x00000000        0x2 SERVICE/Timers_Service.o
 .bss.t2        0x00000000        0x2 SERVICE/Timers_Service.o
 .bss.t1        0x00000000        0x2 SERVICE/Timers_Service.o
 .text          0x00000000        0x0 SERVICE/UART_Service.o
 .data          0x00000000        0x0 SERVICE/UART_Service.o
 .bss           0x00000000        0x0 SERVICE/UART_Service.o
 .text.UART_SendString
                0x00000000       0x26 SERVICE/UART_Service.o
 .text.UART_PopData
                0x00000000       0x5a SERVICE/UART_Service.o
 .text.UART_SendStringAsynch
                0x00000000       0x36 SERVICE/UART_Service.o
 .text.UART_ReceiveString
                0x00000000       0x42 SERVICE/UART_Service.o
 .text.UART_SendNumber
                0x00000000       0x2a SERVICE/UART_Service.o
 .text.UART_ReceiveNumber
                0x00000000       0x10 SERVICE/UART_Service.o
 .text.UART_SendStringCheckSum
                0x00000000       0x48 SERVICE/UART_Service.o
 .text.UART_ReceiveStringCheckSum
                0x00000000       0x6e SERVICE/UART_Service.o
 .text.Endian_check
                0x00000000        0x4 SERVICE/UART_Service.o
 .text.Endian_Convert
                0x00000000        0x6 SERVICE/UART_Service.o
 .text.Endian_Convert16
                0x00000000        0x8 SERVICE/UART_Service.o
 .text          0x00000000        0x0 String.o
 .data          0x00000000        0x0 String.o
 .bss           0x00000000        0x0 String.o
 .text.Remove_string
                0x00000000       0x18 String.o
 .text          0x00000000        0x0 c:/program files (x86)/atmel/studio/7.0/toolchain/avr8/avr8-gnu-toolchain/bin/../lib/gcc/avr/5.4.0/avr5\libgcc.a(_udivmodhi4.o)
 .data          0x00000000        0x0 c:/program files (x86)/atmel/studio/7.0/toolchain/avr8/avr8-gnu-toolchain/bin/../lib/gcc/avr/5.4.0/avr5\libgcc.a(_udivmodhi4.o)
 .bss           0x00000000        0x0 c:/program files (x86)/atmel/studio/7.0/toolchain/avr8/avr8-gnu-toolchain/bin/../lib/gcc/avr/5.4.0/avr5\libgcc.a(_udivmodhi4.o)
 .text.libgcc.mul
                0x00000000        0x0 c:/program files (x86)/atmel/studio/7.0/toolchain/avr8/avr8-gnu-toolchain/bin/../lib/gcc/avr/5.4.0/avr5\libgcc.a(_udivmodhi4.o)
 .text.libgcc   0x00000000        0x0 c:/program files (x86)/atmel/studio/7.0/toolchain/avr8/avr8-gnu-toolchain/bin/../lib/gcc/avr/5.4.0/avr5\libgcc.a(_udivmodhi4.o)
 .text.libgcc.prologue
                0x00000000        0x0 c:/program files (x86)/atmel/studio/7.0/toolchain/avr8/avr8-gnu-toolchain/bin/../lib/gcc/avr/5.4.0/avr5\libgcc.a(_udivmodhi4.o)
 .text.libgcc.builtins
                0x00000000        0x0 c:/program files (x86)/atmel/studio/7.0/toolchain/avr8/avr8-gnu-toolchain/bin/../lib/gcc/avr/5.4.0/avr5\libgcc.a(_udivmodhi4.o)
 .text.libgcc.fmul
                0x00000000        0x0 c:/program files (x86)/atmel/studio/7.0/toolchain/avr8/avr8-gnu-toolchain/bin/../lib/gcc/avr/5.4.0/avr5\libgcc.a(_udivmodhi4.o)
 .text.libgcc.fixed
                0x00000000        0x0 c:/program files (x86)/atmel/studio/7.0/toolchain/avr8/avr8-gnu-toolchain/bin/../lib/gcc/avr/5.4.0/avr5\libgcc.a(_udivmodhi4.o)
 .text          0x00000000        0x0 c:/program files (x86)/atmel/studio/7.0/toolchain/avr8/avr8-gnu-toolchain/bin/../lib/gcc/avr/5.4.0/avr5\libgcc.a(_udivmodsi4.o)
 .data          0x00000000        0x0 c:/program files (x86)/atmel/studio/7.0/toolchain/avr8/avr8-gnu-toolchain/bin/../lib/gcc/avr/5.4.0/avr5\libgcc.a(_udivmodsi4.o)
 .bss           0x00000000        0x0 c:/program files (x86)/atmel/studio/7.0/toolchain/avr8/avr8-gnu-toolchain/bin/../lib/gcc/avr/5.4.0/avr5\libgcc.a(_udivmodsi4.o)
 .text.libgcc.mul
                0x00000000        0x0 c:/program files (x86)/atmel/studio/7.0/toolchain/avr8/avr8-gnu-toolchain/bin/../lib/gcc/avr/5.4.0/avr5\libgcc.a(_udivmodsi4.o)
 .text.libgcc   0x00000000        0x0 c:/program files (x86)/atmel/studio/7.0/toolchain/avr8/avr8-gnu-toolchain/bin/../lib/gcc/avr/5.4.0/avr5\libgcc.a(_udivmodsi4.o)
 .text.libgcc.prologue
                0x00000000        0x0 c:/program files (x86)/atmel/studio/7.0/toolchain/avr8/avr8-gnu-toolchain/bin/../lib/gcc/avr/5.4.0/avr5\libgcc.a(_udivmodsi4.o)
 .text.libgcc.builtins
                0x00000000        0x0 c:/program files (x86)/atmel/studio/7.0/toolchain/avr8/avr8-gnu-toolchain/bin/../lib/gcc/avr/5.4.0/avr5\libgcc.a(_udivmodsi4.o)
 .text.libgcc.fmul
                0x00000000        0x0 c:/program files (x86)/atmel/studio/7.0/toolchain/avr8/avr8-gnu-toolchain/bin/../lib/gcc/avr/5.4.0/avr5\libgcc.a(_udivmodsi4.o)
 .text.libgcc.fixed
                0x00000000        0x0 c:/program files (x86)/atmel/studio/7.0/toolchain/avr8/avr8-gnu-toolchain/bin/../lib/gcc/avr/5.4.0/avr5\libgcc.a(_udivmodsi4.o)
 .text          0x00000000        0x0 c:/program files (x86)/atmel/studio/7.0/toolchain/avr8/avr8-gnu-toolchain/bin/../lib/gcc/avr/5.4.0/avr5\libgcc.a(_divmodsi4.o)
 .data          0x00000000        0x0 c:/program files (x86)/atmel/studio/7.0/toolchain/avr8/avr8-gnu-toolchain/bin/../lib/gcc/avr/5.4.0/avr5\libgcc.a(_divmodsi4.o)
 .bss           0x00000000        0x0 c:/program files (x86)/atmel/studio/7.0/toolchain/avr8/avr8-gnu-toolchain/bin/../lib/gcc/avr/5.4.0/avr5\libgcc.a(_divmodsi4.o)
 .text.libgcc.mul
                0x00000000        0x0 c:/program files (x86)/atmel/studio/7.0/toolchain/avr8/avr8-gnu-toolchain/bin/../lib/gcc/avr/5.4.0/avr5\libgcc.a(_divmodsi4.o)
 .text.libgcc   0x00000000        0x0 c:/program files (x86)/atmel/studio/7.0/toolchain/avr8/avr8-gnu-toolchain/bin/../lib/gcc/avr/5.4.0/avr5\libgcc.a(_divmodsi4.o)
 .text.libgcc.prologue
                0x00000000        0x0 c:/program files (x86)/atmel/studio/7.0/toolchain/avr8/avr8-gnu-toolchain/bin/../lib/gcc/avr/5.4.0/avr5\libgcc.a(_divmodsi4.o)
 .text.libgcc.builtins
                0x00000000        0x0 c:/program files (x86)/atmel/studio/7.0/toolchain/avr8/avr8-gnu-toolchain/bin/../lib/gcc/avr/5.4.0/avr5\libgcc.a(_divmodsi4.o)
 .text.libgcc.fmul
                0x00000000        0x0 c:/program files (x86)/atmel/studio/7.0/toolchain/avr8/avr8-gnu-toolchain/bin/../lib/gcc/avr/5.4.0/avr5\libgcc.a(_divmodsi4.o)
 .text.libgcc.fixed
                0x00000000        0x0 c:/program files (x86)/atmel/studio/7.0/toolchain/avr8/avr8-gnu-toolchain/bin/../lib/gcc/avr/5.4.0/avr5\libgcc.a(_divmodsi4.o)
 .text          0x00000000        0x0 c:/program files (x86)/atmel/studio/7.0/toolchain/avr8/avr8-gnu-toolchain/bin/../lib/gcc/avr/5.4.0/avr5\libgcc.a(_negsi2.o)
 .data          0x00000000        0x0 c:/program files (x86)/atmel/studio/7.0/toolchain/avr8/avr8-gnu-toolchain/bin/../lib/gcc/avr/5.4.0/avr5\libgcc.a(_negsi2.o)
 .bss           0x00000000        0x0 c:/program files (x86)/atmel/studio/7.0/toolchain/avr8/avr8-gnu-toolchain/bin/../lib/gcc/avr/5.4.0/avr5\libgcc.a(_negsi2.o)
 .text.libgcc.mul
                0x00000000        0x0 c:/program files (x86)/atmel/studio/7.0/toolchain/avr8/avr8-gnu-toolchain/bin/../lib/gcc/avr/5.4.0/avr5\libgcc.a(_negsi2.o)
 .text.libgcc   0x00000000        0x0 c:/program files (x86)/atmel/studio/7.0/toolchain/avr8/avr8-gnu-toolchain/bin/../lib/gcc/avr/5.4.0/avr5\libgcc.a(_negsi2.o)
 .text.libgcc.prologue
                0x00000000        0x0 c:/program files (x86)/atmel/studio/7.0/toolchain/avr8/avr8-gnu-toolchain/bin/../lib/gcc/avr/5.4.0/avr5\libgcc.a(_negsi2.o)
 .text.libgcc.builtins
                0x00000000        0x0 c:/program files (x86)/atmel/studio/7.0/toolchain/avr8/avr8-gnu-toolchain/bin/../lib/gcc/avr/5.4.0/avr5\libgcc.a(_negsi2.o)
 .text.libgcc.fmul
                0x00000000        0x0 c:/program files (x86)/atmel/studio/7.0/toolchain/avr8/avr8-gnu-toolchain/bin/../lib/gcc/avr/5.4.0/avr5\libgcc.a(_negsi2.o)
 .text.libgcc.fixed
                0x00000000        0x0 c:/program files (x86)/atmel/studio/7.0/toolchain/avr8/avr8-gnu-toolchain/bin/../lib/gcc/avr/5.4.0/avr5\libgcc.a(_negsi2.o)
 .text          0x00000000        0x0 c:/program files (x86)/atmel/studio/7.0/toolchain/avr8/avr8-gnu-toolchain/bin/../lib/gcc/avr/5.4.0/avr5\libgcc.a(_exit.o)
 .data          0x00000000        0x0 c:/program files (x86)/atmel/studio/7.0/toolchain/avr8/avr8-gnu-toolchain/bin/../lib/gcc/avr/5.4.0/avr5\libgcc.a(_exit.o)
 .bss           0x00000000        0x0 c:/program files (x86)/atmel/studio/7.0/toolchain/avr8/avr8-gnu-toolchain/bin/../lib/gcc/avr/5.4.0/avr5\libgcc.a(_exit.o)
 .text.libgcc.mul
                0x00000000        0x0 c:/program files (x86)/atmel/studio/7.0/toolchain/avr8/avr8-gnu-toolchain/bin/../lib/gcc/avr/5.4.0/avr5\libgcc.a(_exit.o)
 .text.libgcc.div
                0x00000000        0x0 c:/program files (x86)/atmel/studio/7.0/toolchain/avr8/avr8-gnu-toolchain/bin/../lib/gcc/avr/5.4.0/avr5\libgcc.a(_exit.o)
 .text.libgcc   0x00000000        0x0 c:/program files (x86)/atmel/studio/7.0/toolchain/avr8/avr8-gnu-toolchain/bin/../lib/gcc/avr/5.4.0/avr5\libgcc.a(_exit.o)
 .text.libgcc.prologue
                0x00000000        0x0 c:/program files (x86)/atmel/studio/7.0/toolchain/avr8/avr8-gnu-toolchain/bin/../lib/gcc/avr/5.4.0/avr5\libgcc.a(_exit.o)
 .text.libgcc.builtins
                0x00000000        0x0 c:/program files (x86)/atmel/studio/7.0/toolchain/avr8/avr8-gnu-toolchain/bin/../lib/gcc/avr/5.4.0/avr5\libgcc.a(_exit.o)
 .text.libgcc.fmul
                0x00000000        0x0 c:/program files (x86)/atmel/studio/7.0/toolchain/avr8/avr8-gnu-toolchain/bin/../lib/gcc/avr/5.4.0/avr5\libgcc.a(_exit.o)
 .text.libgcc.fixed
                0x00000000        0x0 c:/program files (x86)/atmel/studio/7.0/toolchain/avr8/avr8-gnu-toolchain/bin/../lib/gcc/avr/5.4.0/avr5\libgcc.a(_exit.o)
 .text          0x00000000        0x0 c:/program files (x86)/atmel/studio/7.0/toolchain/avr8/avr8-gnu-toolchain/bin/../lib/gcc/avr/5.4.0/avr5\libgcc.a(_tablejump2.o)
 .data          0x00000000        0x0 c:/program files (x86)/atmel/studio/7.0/toolchain/avr8/avr8-gnu-toolchain/bin/../lib/gcc/avr/5.4.0/avr5\libgcc.a(_tablejump2.o)
 .bss           0x00000000        0x0 c:/program files (x86)/atmel/studio/7.0/toolchain/avr8/avr8-gnu-toolchain/bin/../lib/gcc/avr/5.4.0/avr5\libgcc.a(_tablejump2.o)
 .text.libgcc.mul
                0x00000000        0x0 c:/program files (x86)/atmel/studio/7.0/toolchain/avr8/avr8-gnu-toolchain/bin/../lib/gcc/avr/5.4.0/avr5\libgcc.a(_tablejump2.o)
 .text.libgcc.div
                0x00000000        0x0 c:/program files (x86)/atmel/studio/7.0/toolchain/avr8/avr8-gnu-toolchain/bin/../lib/gcc/avr/5.4.0/avr5\libgcc.a(_tablejump2.o)
 .text.libgcc.prologue
                0x00000000        0x0 c:/program files (x86)/atmel/studio/7.0/toolchain/avr8/avr8-gnu-toolchain/bin/../lib/gcc/avr/5.4.0/avr5\libgcc.a(_tablejump2.o)
 .text.libgcc.builtins
                0x00000000        0x0 c:/program files (x86)/atmel/studio/7.0/toolchain/avr8/avr8-gnu-toolchain/bin/../lib/gcc/avr/5.4.0/avr5\libgcc.a(_tablejump2.o)
 .text.libgcc.fmul
                0x00000000        0x0 c:/program files (x86)/atmel/studio/7.0/toolchain/avr8/avr8-gnu-toolchain/bin/../lib/gcc/avr/5.4.0/avr5\libgcc.a(_tablejump2.o)
 .text.libgcc.fixed
                0x00000000        0x0 c:/program files (x86)/atmel/studio/7.0/toolchain/avr8/avr8-gnu-toolchain/bin/../lib/gcc/avr/5.4.0/avr5\libgcc.a(_tablejump2.o)
 .text          0x00000000        0x0 c:/program files (x86)/atmel/studio/7.0/toolchain/avr8/avr8-gnu-toolchain/bin/../lib/gcc/avr/5.4.0/avr5\libgcc.a(_copy_data.o)
 .data          0x00000000        0x0 c:/program files (x86)/atmel/studio/7.0/toolchain/avr8/avr8-gnu-toolchain/bin/../lib/gcc/avr/5.4.0/avr5\libgcc.a(_copy_data.o)
 .bss           0x00000000        0x0 c:/program files (x86)/atmel/studio/7.0/toolchain/avr8/avr8-gnu-toolchain/bin/../lib/gcc/avr/5.4.0/avr5\libgcc.a(_copy_data.o)
 .text.libgcc.mul
                0x00000000        0x0 c:/program files (x86)/atmel/studio/7.0/toolchain/avr8/avr8-gnu-toolchain/bin/../lib/gcc/avr/5.4.0/avr5\libgcc.a(_copy_data.o)
 .text.libgcc.div
                0x00000000        0x0 c:/program files (x86)/atmel/studio/7.0/toolchain/avr8/avr8-gnu-toolchain/bin/../lib/gcc/avr/5.4.0/avr5\libgcc.a(_copy_data.o)
 .text.libgcc   0x00000000        0x0 c:/program files (x86)/atmel/studio/7.0/toolchain/avr8/avr8-gnu-toolchain/bin/../lib/gcc/avr/5.4.0/avr5\libgcc.a(_copy_data.o)
 .text.libgcc.prologue
                0x00000000        0x0 c:/program files (x86)/atmel/studio/7.0/toolchain/avr8/avr8-gnu-toolchain/bin/../lib/gcc/avr/5.4.0/avr5\libgcc.a(_copy_data.o)
 .text.libgcc.builtins
                0x00000000        0x0 c:/program files (x86)/atmel/studio/7.0/toolchain/avr8/avr8-gnu-toolchain/bin/../lib/gcc/avr/5.4.0/avr5\libgcc.a(_copy_data.o)
 .text.libgcc.fmul
                0x00000000        0x0 c:/program files (x86)/atmel/studio/7.0/toolchain/avr8/avr8-gnu-toolchain/bin/../lib/gcc/avr/5.4.0/avr5\libgcc.a(_copy_data.o)
 .text.libgcc.fixed
                0x00000000        0x0 c:/program files (x86)/atmel/studio/7.0/toolchain/avr8/avr8-gnu-toolchain/bin/../lib/gcc/avr/5.4.0/avr5\libgcc.a(_copy_data.o)
 .text          0x00000000        0x0 c:/program files (x86)/atmel/studio/7.0/toolchain/avr8/avr8-gnu-toolchain/bin/../lib/gcc/avr/5.4.0/avr5\libgcc.a(_clear_bss.o)
 .data          0x00000000        0x0 c:/program files (x86)/atmel/studio/7.0/toolchain/avr8/avr8-gnu-toolchain/bin/../lib/gcc/avr/5.4.0/avr5\libgcc.a(_clear_bss.o)
 .bss           0x00000000        0x0 c:/program files (x86)/atmel/studio/7.0/toolchain/avr8/avr8-gnu-toolchain/bin/../lib/gcc/avr/5.4.0/avr5\libgcc.a(_clear_bss.o)
 .text.libgcc.mul
                0x00000000        0x0 c:/program files (x86)/atmel/studio/7.0/toolchain/avr8/avr8-gnu-toolchain/bin/../lib/gcc/avr/5.4.0/avr5\libgcc.a(_clear_bss.o)
 .text.libgcc.div
                0x00000000        0x0 c:/program files (x86)/atmel/studio/7.0/toolchain/avr8/avr8-gnu-toolchain/bin/../lib/gcc/avr/5.4.0/avr5\libgcc.a(_clear_bss.o)
 .text.libgcc   0x00000000        0x0 c:/program files (x86)/atmel/studio/7.0/toolchain/avr8/avr8-gnu-toolchain/bin/../lib/gcc/avr/5.4.0/avr5\libgcc.a(_clear_bss.o)
 .text.libgcc.prologue
                0x00000000        0x0 c:/program files (x86)/atmel/studio/7.0/toolchain/avr8/avr8-gnu-toolchain/bin/../lib/gcc/avr/5.4.0/avr5\libgcc.a(_clear_bss.o)
 .text.libgcc.builtins
                0x00000000        0x0 c:/program files (x86)/atmel/studio/7.0/toolchain/avr8/avr8-gnu-toolchain/bin/../lib/gcc/avr/5.4.0/avr5\libgcc.a(_clear_bss.o)
 .text.libgcc.fmul
                0x00000000        0x0 c:/program files (x86)/atmel/studio/7.0/toolchain/avr8/avr8-gnu-toolchain/bin/../lib/gcc/avr/5.4.0/avr5\libgcc.a(_clear_bss.o)
 .text.libgcc.fixed
                0x00000000        0x0 c:/program files (x86)/atmel/studio/7.0/toolchain/avr8/avr8-gnu-toolchain/bin/../lib/gcc/avr/5.4.0/avr5\libgcc.a(_clear_bss.o)
 .text          0x00000000        0x0 c:/program files (x86)/atmel/studio/7.0/toolchain/avr8/avr8-gnu-toolchain/bin/../lib/gcc/avr/5.4.0/avr5\libgcc.a(_bswapsi2.o)
 .data          0x00000000        0x0 c:/program files (x86)/atmel/studio/7.0/toolchain/avr8/avr8-gnu-toolchain/bin/../lib/gcc/avr/5.4.0/avr5\libgcc.a(_bswapsi2.o)
 .bss           0x00000000        0x0 c:/program files (x86)/atmel/studio/7.0/toolchain/avr8/avr8-gnu-toolchain/bin/../lib/gcc/avr/5.4.0/avr5\libgcc.a(_bswapsi2.o)
 .text.libgcc.mul
                0x00000000        0x0 c:/program files (x86)/atmel/studio/7.0/toolchain/avr8/avr8-gnu-toolchain/bin/../lib/gcc/avr/5.4.0/avr5\libgcc.a(_bswapsi2.o)
 .text.libgcc.div
                0x00000000        0x0 c:/program files (x86)/atmel/studio/7.0/toolchain/avr8/avr8-gnu-toolchain/bin/../lib/gcc/avr/5.4.0/avr5\libgcc.a(_bswapsi2.o)
 .text.libgcc   0x00000000        0x0 c:/program files (x86)/atmel/studio/7.0/toolchain/avr8/avr8-gnu-toolchain/bin/../lib/gcc/avr/5.4.0/avr5\libgcc.a(_bswapsi2.o)
 .text.libgcc.prologue
                0x00000000        0x0 c:/program files (x86)/atmel/studio/7.0/toolchain/avr8/avr8-gnu-toolchain/bin/../lib/gcc/avr/5.4.0/avr5\libgcc.a(_bswapsi2.o)
 .text.libgcc.builtins
                0x00000000        0xe c:/program files (x86)/atmel/studio/7.0/toolchain/avr8/avr8-gnu-toolchain/bin/../lib/gcc/avr/5.4.0/avr5\libgcc.a(_bswapsi2.o)
 .text.libgcc.fmul
                0x00000000        0x0 c:/program files (x86)/atmel/studio/7.0/toolchain/avr8/avr8-gnu-toolchain/bin/../lib/gcc/avr/5.4.0/avr5\libgcc.a(_bswapsi2.o)
 .text.libgcc.fixed
                0x00000000        0x0 c:/program files (x86)/atmel/studio/7.0/toolchain/avr8/avr8-gnu-toolchain/bin/../lib/gcc/avr/5.4.0/avr5\libgcc.a(_bswapsi2.o)
 .text          0x00000000        0x0 c:/program files (x86)/atmel/studio/7.0/toolchain/avr8/avr8-gnu-toolchain/bin/../lib/gcc/avr/5.4.0/avr5\libgcc.a(_umulhisi3.o)
 .data          0x00000000        0x0 c:/program files (x86)/atmel/studio/7.0/toolchain/avr8/avr8-gnu-toolchain/bin/../lib/gcc/avr/5.4.0/avr5\libgcc.a(_umulhisi3.o)
 .bss           0x00000000        0x0 c:/program files (x86)/atmel/studio/7.0/toolchain/avr8/avr8-gnu-toolchain/bin/../lib/gcc/avr/5.4.0/avr5\libgcc.a(_umulhisi3.o)
 .text.libgcc.div
                0x00000000        0x0 c:/program files (x86)/atmel/studio/7.0/toolchain/avr8/avr8-gnu-toolchain/bin/../lib/gcc/avr/5.4.0/avr5\libgcc.a(_umulhisi3.o)
 .text.libgcc   0x00000000        0x0 c:/program files (x86)/atmel/studio/7.0/toolchain/avr8/avr8-gnu-toolchain/bin/../lib/gcc/avr/5.4.0/avr5\libgcc.a(_umulhisi3.o)
 .text.libgcc.prologue
                0x00000000        0x0 c:/program files (x86)/atmel/studio/7.0/toolchain/avr8/avr8-gnu-toolchain/bin/../lib/gcc/avr/5.4.0/avr5\libgcc.a(_umulhisi3.o)
 .text.libgcc.builtins
                0x00000000        0x0 c:/program files (x86)/atmel/studio/7.0/toolchain/avr8/avr8-gnu-toolchain/bin/../lib/gcc/avr/5.4.0/avr5\libgcc.a(_umulhisi3.o)
 .text.libgcc.fmul
                0x00000000        0x0 c:/program files (x86)/atmel/studio/7.0/toolchain/avr8/avr8-gnu-toolchain/bin/../lib/gcc/avr/5.4.0/avr5\libgcc.a(_umulhisi3.o)
 .text.libgcc.fixed
                0x00000000        0x0 c:/program files (x86)/atmel/studio/7.0/toolchain/avr8/avr8-gnu-toolchain/bin/../lib/gcc/avr/5.4.0/avr5\libgcc.a(_umulhisi3.o)

Memory Configuration

Name             Origin             Length             Attributes
text             0x00000000         0x00008000         xr
data             0x00800060         0x00000800         rw !x
eeprom           0x00810000         0x00000400         rw !x
fuse             0x00820000         0x00000002         rw !x
lock             0x00830000         0x00000400         rw !x
signature        0x00840000         0x00000400         rw !x
user_signatures  0x00850000         0x00000400         rw !x
*default*        0x00000000         0xffffffff

Linker script and memory map

LOAD C:/Program Files (x86)/Atmel/Studio/7.0/Packs/atmel/ATmega_DFP/1.7.374/gcc/dev/atmega32/avr5/crtatmega32.o
LOAD APP/Filter.o
LOAD APP/SMART_HOUSE.o
LOAD CFG/ADC_Cfg.o
LOAD CFG/DIO_Cfg.o
LOAD CFG/KEYPAD_Cfg.o
LOAD CFG/MOTOR_Cfg.o
LOAD CFG/Sensors_Cfg.o
LOAD HAL/DHT22_Prg.o
LOAD HAL/KEYPAD_Prg.o
LOAD HAL/LCD_Prg.o
LOAD HAL/LEDS_Prg.o
LOAD HAL/MOTOR_Prg.o
LOAD HAL/RGB.o
LOAD HAL/Sensors_Prgc.o
LOAD HAL/SERVO_Prg.o
LOAD HAL/STEPPER_MOTOR.o
LOAD HAL/ULTRASONIC_Prg.o
LOAD main.o
LOAD MCAL/ADC_Prg.o
LOAD MCAL/DIO_Prg.o
LOAD MCAL/EEPROM_Prg.o
LOAD MCAL/EX_Interrupt.o
LOAD MCAL/SPI_Prg.o
LOAD MCAL/TIMERS.o
LOAD MCAL/UART_Prg.o
LOAD MCAL/WDT.o
LOAD SERVICE/Timers_Service.o
LOAD SERVICE/UART_Service.o
LOAD String.o
START GROUP
LOAD c:/program files (x86)/atmel/studio/7.0/toolchain/avr8/avr8-gnu-toolchain/bin/../lib/gcc/avr/5.4.0/../../../../avr/lib/avr5\libm.a
END GROUP
START GROUP
LOAD c:/program files (x86)/atmel/studio/7.0/toolchain/avr8/avr8-gnu-toolchain/bin/../lib/gcc/avr/5.4.0/avr5\libgcc.a
LOAD c:/program files (x86)/atmel/studio/7.0/toolchain/avr8/avr8-gnu-toolchain/bin/../lib/gcc/avr/5.4.0/../../../../avr/lib/avr5\libm.a
LOAD c:/program files (x86)/atmel/studio/7.0/toolchain/avr8/avr8-gnu-toolchain/bin/../lib/gcc/avr/5.4.0/../../../../avr/lib/avr5\libc.a
LOAD C:/Program Files (x86)/Atmel/Studio/7.0/Packs/atmel/ATmega_DFP/1.7.374/gcc/dev/atmega32/avr5\libatmega32.a
END GROUP
                0x00000000                __TEXT_REGION_ORIGIN__ = DEFINED (__TEXT_REGION_ORIGIN__)?__TEXT_REGION_ORIGIN__:0x0
                [0x00800060]                __DATA_REGION_ORIGIN__ = DEFINED (__DATA_REGION_ORIGIN__)?__DATA_REGION_ORIGIN__:0x800060
                [0x00008000]                __TEXT_REGION_LENGTH__ = DEFINED (__TEXT_REGION_LENGTH__)?__TEXT_REGION_LENGTH__:0x20000
                [0x00000800]                __DATA_REGION_LENGTH__ = DEFINED (__DATA_REGION_LENGTH__)?__DATA_REGION_LENGTH__:0xffa0
                [0x00000400]                __EEPROM_REGION_LENGTH__ = DEFINED (__EEPROM_REGION_LENGTH__)?__EEPROM_REGION_LENGTH__:0x10000
                [0x00000002]                __FUSE_REGION_LENGTH__ = DEFINED (__FUSE_REGION_LENGTH__)?__FUSE_REGION_LENGTH__:0x400
                0x00000400                __LOCK_REGION_LENGTH__ = DEFINED (__LOCK_REGION_LENGTH__)?__LOCK_REGION_LENGTH__:0x400
                0x00000400                __SIGNATURE_REGION_LENGTH__ = DEFINED (__SIGNATURE_REGION_LENGTH__)?__SIGNATURE_REGION_LENGTH__:0x400
                0x00000400                __USER_SIGNATURE_REGION_LENGTH__ = DEFINED (__USER_SIGNATURE_REGION_LENGTH__)?__USER_SIGNATURE_REGION_LENGTH__:0x400

.hash
 *(.hash)

.dynsym
 *(.dynsym)

.dynstr
 *(.dynstr)

.gnu.version
 *(.gnu.version)

.gnu.version_d
 *(.gnu.version_d)

.gnu.version_r
 *(.gnu.version_r)

.rel.init
 *(.rel.init)

.rela.init
 *(.rela.init)

.rel.text
 *(.rel.text)
 *(.rel.text.*)
 *(.rel.gnu.linkonce.t*)

.rela.text
 *(.rela.text)
 *(.rela.text.*)
 *(.rela.gnu.linkonce.t*)

.rel.fini
 *(.rel.fini)

.rela.fini
 *(.rela.fini)

.rel.rodata
 *(.rel.rodata)
 *(.rel.rodata.*)
 *(.rel.gnu.linkonce.r*)

.rela.rodata
 *(.rela.rodata)
 *(.rela.rodata.*)
 *(.rela.gnu.linkonce.r*)

.rel.data
 *(.rel.data)
 *(.rel.data.*)
 *(.rel.gnu.linkonce.d*)

.rela.data
 *(.rela.data)
 *(.rela.data.*)
 *(.rela.gnu.linkonce.d*)

.rel.ctors
 *(.rel.ctors)

.rela.ctors
 *(.rela.ctors)

.rel.dtors
 *(.rel.dtors)

.rela.dtors
 *(.rela.dtors)

.rel.got
 *(.rel.got)

.rela.got
 *(.rela.got)

.rel.bss
 *(.rel.bss)

.rela.bss
 *(.rela.bss)

.rel.plt
 *(.rel.plt)

.rela.plt
 *(.rela.plt)

.text           0x00000000     0x1b6e
 *(.vectors)
 .vectors       0x00000000       0x54 C:/Program Files (x86)/Atmel/Studio/7.0/Packs/atmel/ATmega_DFP/1.7.374/gcc/dev/atmega32/avr5/crtatmega32.o
                0x00000000                __vector_default
                0x00000000                __vectors
 *(.vectors)
 *(.progmem.gcc*)
 .progmem.gcc_sw_table.Timer1_Init
                0x00000054        0xe MCAL/TIMERS.o
                0x00000062                . = ALIGN (0x2)
                0x00000062                __trampolines_start = .
 *(.trampolines)
 .trampolines   0x00000062        0x0 linker stubs
 *(.trampolines*)
                0x00000062                __trampolines_end = .
 *libprintf_flt.a:*(.progmem.data)
 *libc.a:*(.progmem.data)
 *(.progmem*)
                0x00000062                . = ALIGN (0x2)
 *(.jumptables)
 *(.jumptables*)
 *(.lowtext)
 *(.lowtext*)
                0x00000062                __ctors_start = .
 *(.ctors)
                0x00000062                __ctors_end = .
                0x00000062                __dtors_start = .
 *(.dtors)
                0x00000062                __dtors_end = .
 SORT(*)(.ctors)
 SORT(*)(.dtors)
 *(.init0)
 .init0         0x00000062        0x0 C:/Program Files (x86)/Atmel/Studio/7.0/Packs/atmel/ATmega_DFP/1.7.374/gcc/dev/atmega32/avr5/crtatmega32.o
                0x00000062                __init
 *(.init0)
 *(.init1)
 *(.init1)
 *(.init2)
 .init2         0x00000062        0xc C:/Program Files (x86)/Atmel/Studio/7.0/Packs/atmel/ATmega_DFP/1.7.374/gcc/dev/atmega32/avr5/crtatmega32.o
 *(.init2)
 *(.init3)
 *(.init3)
 *(.init4)
 .init4         0x0000006e       0x16 c:/program files (x86)/atmel/studio/7.0/toolchain/avr8/avr8-gnu-toolchain/bin/../lib/gcc/avr/5.4.0/avr5\libgcc.a(_copy_data.o)
                0x0000006e                __do_copy_data
 .init4         0x00000084       0x10 c:/program files (x86)/atmel/studio/7.0/toolchain/avr8/avr8-gnu-toolchain/bin/../lib/gcc/avr/5.4.0/avr5\libgcc.a(_clear_bss.o)
                0x00000084                __do_clear_bss
 *(.init4)
 *(.init5)
 *(.init5)
 *(.init6)
 *(.init6)
 *(.init7)
 *(.init7)
 *(.init8)
 *(.init8)
 *(.init9)
 .init9         0x00000094        0x8 C:/Program Files (x86)/Atmel/Studio/7.0/Packs/atmel/ATmega_DFP/1.7.374/gcc/dev/atmega32/avr5/crtatmega32.o
 *(.init9)
 *(.text)
 .text          0x0000009c        0x4 C:/Program Files (x86)/Atmel/Studio/7.0/Packs/atmel/ATmega_DFP/1.7.374/gcc/dev/atmega32/avr5/crtatmega32.o
                0x0000009c                __vector_19
                0x0000009c                __vector_5
                0x0000009c                __vector_4
                0x0000009c                __vector_14
                0x0000009c                __vector_16
                0x0000009c                __vector_18
                0x0000009c                __vector_20
                0x0000009c                __bad_interrupt
                0x000000a0                . = ALIGN (0x2)
 *(.text.*)
 .text.Filter_Runnable
                0x000000a0       0x9a APP/Filter.o
                0x000000a0                Filter_Runnable
 .text.Filter_GetFilteredValue
                0x0000013a        0xa APP/Filter.o
                0x0000013a                Filter_GetFilteredValue
 .text.AIR_CON_ON
                0x00000144        0x6 APP/SMART_HOUSE.o
                0x00000144                AIR_CON_ON
 .text.AIR_CON_OFF
                0x0000014a        0x8 APP/SMART_HOUSE.o
                0x0000014a                AIR_CON_OFF
 .text.Room_ON  0x00000152       0x14 APP/SMART_HOUSE.o
                0x00000152                Room_ON
 .text.Garage_ON
                0x00000166        0x6 APP/SMART_HOUSE.o
                0x00000166                Garage_ON
 .text.Room_OFF
                0x0000016c       0x14 APP/SMART_HOUSE.o
                0x0000016c                Room_OFF
 .text.Garage_OFF
                0x00000180        0x6 APP/SMART_HOUSE.o
                0x00000180                Garage_OFF
 .text.Open_Door
                0x00000186       0x1e APP/SMART_HOUSE.o
                0x00000186                Open_Door
 .text.Open_Garage
                0x000001a4       0x1e APP/SMART_HOUSE.o
                0x000001a4                Open_Garage
 .text.Air_ConditionerOn
                0x000001c2       0x3a APP/SMART_HOUSE.o
                0x000001c2                Air_ConditionerOn
 .text.UART_ReceiveTaskAndData
                0x000001fc       0x3e APP/SMART_HOUSE.o
                0x000001fc                UART_ReceiveTaskAndData
 .text.UART_Find_Task
                0x0000023a       0x62 APP/SMART_HOUSE.o
                0x0000023a                UART_Find_Task
 .text.Compare_pass
                0x0000029c       0x22 APP/SMART_HOUSE.o
                0x0000029c                Compare_pass
 .text.KEYPAD_Init
                0x000002be       0x16 HAL/KEYPAD_Prg.o
                0x000002be                KEYPAD_Init
 .text.KEYPAD_GetKey
                0x000002d4       0x90 HAL/KEYPAD_Prg.o
                0x000002d4                KEYPAD_GetKey
 .text.WriteIns
                0x00000364       0xc0 HAL/LCD_Prg.o
                0x00000364                WriteIns
 .text.WriteData
                0x00000424       0xc0 HAL/LCD_Prg.o
                0x00000424                WriteData
 .text.LCD_Init
                0x000004e4       0x3c HAL/LCD_Prg.o
                0x000004e4                LCD_Init
 .text.LCD_WriteString
                0x00000520       0x26 HAL/LCD_Prg.o
                0x00000520                LCD_WriteString
 .text.LCD_WriteChar
                0x00000546        0x4 HAL/LCD_Prg.o
                0x00000546                LCD_WriteChar
 .text.LCD_WriteNumber
                0x0000054a       0x86 HAL/LCD_Prg.o
                0x0000054a                LCD_WriteNumber
 .text.LCD_SetCursor
                0x000005d0       0x18 HAL/LCD_Prg.o
                0x000005d0                LCD_SetCursor
 .text.LCD_Clear
                0x000005e8       0x14 HAL/LCD_Prg.o
                0x000005e8                LCD_Clear
 .text.Led_On   0x000005fc        0x6 HAL/LEDS_Prg.o
                0x000005fc                Led_On
 .text.Led_Off  0x00000602        0x6 HAL/LEDS_Prg.o
                0x00000602                Led_Off
 .text.MOTOR_Stop
                0x00000608       0x3c HAL/MOTOR_Prg.o
                0x00000608                MOTOR_Stop
 .text.MOTOR_CW
                0x00000644       0x3c HAL/MOTOR_Prg.o
                0x00000644                MOTOR_CW
 .text.SENSOR_ReadTemp
                0x00000680        0x6 HAL/Sensors_Prgc.o
                0x00000680                SENSOR_ReadTemp
 .text.SENSOR_ReadGas
                0x00000686        0x6 HAL/Sensors_Prgc.o
                0x00000686                SENSOR_ReadGas
 .text.Servo_Init
                0x0000068c       0x1e HAL/SERVO_Prg.o
                0x0000068c                Servo_Init
 .text.Servo1_SetAngle
                0x000006aa       0x2a HAL/SERVO_Prg.o
                0x000006aa                Servo1_SetAngle
 .text.Servo2_SetAngle
                0x000006d4       0x2a HAL/SERVO_Prg.o
                0x000006d4                Servo2_SetAngle
 .text.startup.main
                0x000006fe      0x6e0 main.o
                0x000006fe                main
 .text.ADC_Init
                0x00000dde       0x30 MCAL/ADC_Prg.o
                0x00000dde                ADC_Init
 .text.ADC_Read
                0x00000e0e       0x18 MCAL/ADC_Prg.o
                0x00000e0e                ADC_Read
 .text.ADC_ReadVolt1
                0x00000e26       0x22 MCAL/ADC_Prg.o
                0x00000e26                ADC_ReadVolt1
 .text.DIO_InitPin
                0x00000e48      0x1da MCAL/DIO_Prg.o
                0x00000e48                DIO_InitPin
 .text.DIO_WritePin
                0x00001022       0xf4 MCAL/DIO_Prg.o
                0x00001022                DIO_WritePin
 .text.DIO_ReadPin
                0x00001116       0x6e MCAL/DIO_Prg.o
                0x00001116                DIO_ReadPin
 .text.DIO_Init
                0x00001184       0x26 MCAL/DIO_Prg.o
                0x00001184                DIO_Init
 .text.EEPROM_Write
                0x000011aa       0x14 MCAL/EEPROM_Prg.o
                0x000011aa                EEPROM_Write
 .text.EEPROM_Read
                0x000011be        0xe MCAL/EEPROM_Prg.o
                0x000011be                EEPROM_Read
 .text.__vector_17
                0x000011cc       0x52 MCAL/EEPROM_Prg.o
                0x000011cc                __vector_17
 .text.__vector_1
                0x0000121e       0x52 MCAL/EX_Interrupt.o
                0x0000121e                __vector_1
 .text.__vector_2
                0x00001270       0x54 MCAL/EX_Interrupt.o
                0x00001270                __vector_2
 .text.__vector_3
                0x000012c4       0x52 MCAL/EX_Interrupt.o
                0x000012c4                __vector_3
 .text.__vector_12
                0x00001316       0x52 MCAL/SPI_Prg.o
                0x00001316                __vector_12
 .text.TIMER0_Init
                0x00001368       0x40 MCAL/TIMERS.o
                0x00001368                TIMER0_Init
 .text.TIMER0_OC0Mode
                0x000013a8       0x36 MCAL/TIMERS.o
                0x000013a8                TIMER0_OC0Mode
 .text.__vector_11
                0x000013de       0x52 MCAL/TIMERS.o
                0x000013de                __vector_11
 .text.__vector_10
                0x00001430       0x52 MCAL/TIMERS.o
                0x00001430                __vector_10
 .text.Timer1_Init
                0x00001482       0x80 MCAL/TIMERS.o
                0x00001482                Timer1_Init
 .text.Timer1_OCRA1Mode
                0x00001502       0x36 MCAL/TIMERS.o
                0x00001502                Timer1_OCRA1Mode
 .text.Timer1_OCRB1Mode
                0x00001538       0x36 MCAL/TIMERS.o
                0x00001538                Timer1_OCRB1Mode
 .text.__vector_9
                0x0000156e       0x52 MCAL/TIMERS.o
                0x0000156e                __vector_9
 .text.__vector_7
                0x000015c0       0x52 MCAL/TIMERS.o
                0x000015c0                __vector_7
 .text.__vector_8
                0x00001612       0x52 MCAL/TIMERS.o
                0x00001612                __vector_8
 .text.__vector_6
                0x00001664       0x52 MCAL/TIMERS.o
                0x00001664                __vector_6
 .text.UART_Init
                0x000016b6        0xc MCAL/UART_Prg.o
                0x000016b6                UART_Init
 .text.UART_SendNoBlock
                0x000016c2        0x4 MCAL/UART_Prg.o
                0x000016c2                UART_SendNoBlock
 .text.UART_ReceiveNoBlock
                0x000016c6        0x4 MCAL/UART_Prg.o
                0x000016c6                UART_ReceiveNoBlock
 .text.UART_RX_InterruptEnable
                0x000016ca        0x4 MCAL/UART_Prg.o
                0x000016ca                UART_RX_InterruptEnable
 .text.UART_TX_InterruptEnable
                0x000016ce        0x4 MCAL/UART_Prg.o
                0x000016ce                UART_TX_InterruptEnable
 .text.UART_RX_SetCallBack
                0x000016d2        0xa MCAL/UART_Prg.o
                0x000016d2                UART_RX_SetCallBack
 .text.UART_TX_SetCallBack
                0x000016dc        0xa MCAL/UART_Prg.o
                0x000016dc                UART_TX_SetCallBack
 .text.__vector_13
                0x000016e6       0x52 MCAL/UART_Prg.o
                0x000016e6                __vector_13
 .text.__vector_15
                0x00001738       0x52 MCAL/UART_Prg.o
                0x00001738                __vector_15
 .text.WDT_Reset
                0x0000178a       0x1a MCAL/WDT.o
                0x0000178a                WDT_Reset
 .text.PWM_Duty_TIMER0
                0x000017a4       0x2e SERVICE/Timers_Service.o
                0x000017a4                PWM_Duty_TIMER0
 .text.RX_Func  0x000017d2       0x44 SERVICE/UART_Service.o
 .text.TX_Func  0x00001816       0x92 SERVICE/UART_Service.o
 .text.UART_Service_Init
                0x000018a8       0x18 SERVICE/UART_Service.o
                0x000018a8                UART_Service_Init
 .text.UART_PushData
                0x000018c0       0x7a SERVICE/UART_Service.o
                0x000018c0                UART_PushData
 .text.UART_ReceiveStringAsynch
                0x0000193a       0x3e SERVICE/UART_Service.o
                0x0000193a                UART_ReceiveStringAsynch
 .text.string_length
                0x00001978       0x16 String.o
                0x00001978                string_length
 .text.string_reverse
                0x0000198e       0x3e String.o
                0x0000198e                string_reverse
 .text.string_compare
                0x000019cc       0x18 String.o
                0x000019cc                string_compare
 .text.NUM_tostring
                0x000019e4       0xb2 String.o
                0x000019e4                NUM_tostring
 .text.libgcc.div
                0x00001a96       0x28 c:/program files (x86)/atmel/studio/7.0/toolchain/avr8/avr8-gnu-toolchain/bin/../lib/gcc/avr/5.4.0/avr5\libgcc.a(_udivmodhi4.o)
                0x00001a96                __udivmodhi4
 .text.libgcc.div
                0x00001abe       0x44 c:/program files (x86)/atmel/studio/7.0/toolchain/avr8/avr8-gnu-toolchain/bin/../lib/gcc/avr/5.4.0/avr5\libgcc.a(_udivmodsi4.o)
                0x00001abe                __udivmodsi4
 .text.libgcc.div
                0x00001b02       0x2e c:/program files (x86)/atmel/studio/7.0/toolchain/avr8/avr8-gnu-toolchain/bin/../lib/gcc/avr/5.4.0/avr5\libgcc.a(_divmodsi4.o)
                0x00001b02                __divmodsi4
 .text.libgcc.div
                0x00001b30       0x10 c:/program files (x86)/atmel/studio/7.0/toolchain/avr8/avr8-gnu-toolchain/bin/../lib/gcc/avr/5.4.0/avr5\libgcc.a(_negsi2.o)
                0x00001b30                __negsi2
 .text.libgcc   0x00001b40        0xc c:/program files (x86)/atmel/studio/7.0/toolchain/avr8/avr8-gnu-toolchain/bin/../lib/gcc/avr/5.4.0/avr5\libgcc.a(_tablejump2.o)
                0x00001b40                __tablejump2__
 .text.libgcc.mul
                0x00001b4c       0x1e c:/program files (x86)/atmel/studio/7.0/toolchain/avr8/avr8-gnu-toolchain/bin/../lib/gcc/avr/5.4.0/avr5\libgcc.a(_umulhisi3.o)
                0x00001b4c                __umulhisi3
                0x00001b6a                . = ALIGN (0x2)
 *(.fini9)
 .fini9         0x00001b6a        0x0 c:/program files (x86)/atmel/studio/7.0/toolchain/avr8/avr8-gnu-toolchain/bin/../lib/gcc/avr/5.4.0/avr5\libgcc.a(_exit.o)
                0x00001b6a                _exit
                0x00001b6a                exit
 *(.fini9)
 *(.fini8)
 *(.fini8)
 *(.fini7)
 *(.fini7)
 *(.fini6)
 *(.fini6)
 *(.fini5)
 *(.fini5)
 *(.fini4)
 *(.fini4)
 *(.fini3)
 *(.fini3)
 *(.fini2)
 *(.fini2)
 *(.fini1)
 *(.fini1)
 *(.fini0)
 .fini0         0x00001b6a        0x4 c:/program files (x86)/atmel/studio/7.0/toolchain/avr8/avr8-gnu-toolchain/bin/../lib/gcc/avr/5.4.0/avr5\libgcc.a(_exit.o)
 *(.fini0)
                0x00001b6e                _etext = .

.data           0x00800060      0x1da load address 0x00001b6e
                0x00800060                PROVIDE (__data_start, .)
 *(.data)
 *(.data*)
 .data.Arr      0x00800060      0x100 APP/SMART_HOUSE.o
                0x00800060                Arr
 .data.Vref     0x00800160        0x1 CFG/ADC_Cfg.o
                0x00800160                Vref
 .data.Scaler   0x00800161        0x1 CFG/ADC_Cfg.o
                0x00800161                Scaler
 .data.x.1821   0x00800162        0x1 SERVICE/UART_Service.o
 *(.gnu.linkonce.d*)
 *(.rodata)
 *(.rodata*)
 .rodata.PinStatusArr
                0x00800163       0x20 CFG/DIO_Cfg.o
                0x00800163                PinStatusArr
 .rodata.KeysArr
                0x00800183       0x10 CFG/KEYPAD_Cfg.o
                0x00800183                KeysArr
 .rodata.MOTOR_INArr
                0x00800193        0x8 CFG/MOTOR_Cfg.o
                0x00800193                MOTOR_INArr
 .rodata.str1.1
                0x0080019b       0x85 main.o
                                 0x87 (size before relaxing)
 .rodata.str1.1
                0x00800220       0x1a SERVICE/UART_Service.o
 *(.gnu.linkonce.r*)
                0x0080023a                . = ALIGN (0x2)
                0x0080023a                _edata = .
                0x0080023a                PROVIDE (__data_end, .)

.bss            0x0080023a      0x2db
                0x0080023a                PROVIDE (__bss_start, .)
 *(.bss)
 *(.bss*)
 .bss.flag      0x0080023a        0x1 APP/Filter.o
 .bss.eeprom_ready
                0x0080023b        0x2 MCAL/EEPROM_Prg.o
 .bss.INT2_Fptr
                0x0080023d        0x2 MCAL/EX_Interrupt.o
 .bss.INT1_Fptr
                0x0080023f        0x2 MCAL/EX_Interrupt.o
 .bss.INT0_Fptr
                0x00800241        0x2 MCAL/EX_Interrupt.o
 .bss.PF        0x00800243        0x2 MCAL/SPI_Prg.o
                0x00800243                PF
 .bss.Timer1_ICU_Fptr
                0x00800245        0x2 MCAL/TIMERS.o
 .bss.Timer1_OCB_Fptr
                0x00800247        0x2 MCAL/TIMERS.o
 .bss.Timer1_OCA_Fptr
                0x00800249        0x2 MCAL/TIMERS.o
 .bss.Timer0_OVF_Fptr
                0x0080024b        0x2 MCAL/TIMERS.o
 .bss.timer0_OC_fPtr
                0x0080024d        0x2 MCAL/TIMERS.o
 .bss.Timer1_OVF_Fptr
                0x0080024f        0x2 MCAL/TIMERS.o
 .bss.UART_TX_Fptr
                0x00800251        0x2 MCAL/UART_Prg.o
 .bss.UART_RX_Fptr
                0x00800253        0x2 MCAL/UART_Prg.o
 .bss.Sec_ElementFlag.1822
                0x00800255        0x1 SERVICE/UART_Service.o
 .bss.i         0x00800256        0x1 SERVICE/UART_Service.o
 .bss.Stack_index
                0x00800257        0x1 SERVICE/UART_Service.o
 .bss.StrCompleteFlag
                0x00800258        0x1 SERVICE/UART_Service.o
 .bss.Flag      0x00800259        0x1 SERVICE/UART_Service.o
 .bss.STACK_Arr
                0x0080025a      0x258 SERVICE/UART_Service.o
 .bss.data      0x008004b2       0x1e SERVICE/UART_Service.o
 .bss.Pop_index
                0x008004d0        0x1 SERVICE/UART_Service.o
 .bss.SP        0x008004d1        0x1 SERVICE/UART_Service.o
 .bss.Qeue_Arr  0x008004d2       0x28 SERVICE/UART_Service.o
 *(COMMON)
 COMMON         0x008004fa       0x19 APP/Filter.o
                0x008004fa                FilterArr
                0x0080050e                UNF_Value
                0x00800510                Filter_INDEX
                0x00800511                F_Value
 COMMON         0x00800513        0x1 APP/SMART_HOUSE.o
                0x00800513                AIR_OFF_Flag
 COMMON         0x00800514        0x1 SERVICE/UART_Service.o
                0x00800514                Finish_Flag
                0x00800515                PROVIDE (__bss_end, .)
                0x00001b6e                __data_load_start = LOADADDR (.data)
                0x00001d48                __data_load_end = (__data_load_start + SIZEOF (.data))

.noinit         0x00800515        0x0
                [!provide]                PROVIDE (__noinit_start, .)
 *(.noinit*)
                [!provide]                PROVIDE (__noinit_end, .)
                0x00800515                _end = .
                [!provide]                PROVIDE (__heap_start, .)

.eeprom         0x00810000        0x0
 *(.eeprom*)
                0x00810000                __eeprom_end = .

.fuse
 *(.fuse)
 *(.lfuse)
 *(.hfuse)
 *(.efuse)

.lock
 *(.lock*)

.signature
 *(.signature*)

.user_signatures
 *(.user_signatures*)

.stab
 *(.stab)

.stabstr
 *(.stabstr)

.stab.excl
 *(.stab.excl)

.stab.exclstr
 *(.stab.exclstr)

.stab.index
 *(.stab.index)

.stab.indexstr
 *(.stab.indexstr)

.comment        0x00000000       0x30
 *(.comment)
 .comment       0x00000000       0x30 APP/Filter.o
                                 0x31 (size before relaxing)
 .comment       0x00000030       0x31 APP/SMART_HOUSE.o
 .comment       0x00000030       0x31 CFG/ADC_Cfg.o
 .comment       0x00000030       0x31 CFG/DIO_Cfg.o
 .comment       0x00000030       0x31 CFG/KEYPAD_Cfg.o
 .comment       0x00000030       0x31 CFG/MOTOR_Cfg.o
 .comment       0x00000030       0x31 HAL/KEYPAD_Prg.o
 .comment       0x00000030       0x31 HAL/LCD_Prg.o
 .comment       0x00000030       0x31 HAL/LEDS_Prg.o
 .comment       0x00000030       0x31 HAL/MOTOR_Prg.o
 .comment       0x00000030       0x31 HAL/Sensors_Prgc.o
 .comment       0x00000030       0x31 HAL/SERVO_Prg.o
 .comment       0x00000030       0x31 main.o
 .comment       0x00000030       0x31 MCAL/ADC_Prg.o
 .comment       0x00000030       0x31 MCAL/DIO_Prg.o
 .comment       0x00000030       0x31 MCAL/EEPROM_Prg.o
 .comment       0x00000030       0x31 MCAL/EX_Interrupt.o
 .comment       0x00000030       0x31 MCAL/SPI_Prg.o
 .comment       0x00000030       0x31 MCAL/TIMERS.o
 .comment       0x00000030       0x31 MCAL/UART_Prg.o
 .comment       0x00000030       0x31 MCAL/WDT.o
 .comment       0x00000030       0x31 SERVICE/Timers_Service.o
 .comment       0x00000030       0x31 SERVICE/UART_Service.o
 .comment       0x00000030       0x31 String.o

.note.gnu.avr.deviceinfo
                0x00000000       0x3c
 .note.gnu.avr.deviceinfo
                0x00000000       0x3c C:/Program Files (x86)/Atmel/Studio/7.0/Packs/atmel/ATmega_DFP/1.7.374/gcc/dev/atmega32/avr5/crtatmega32.o

.note.gnu.build-id
 *(.note.gnu.build-id)

.debug
 *(.debug)

.line
 *(.line)

.debug_srcinfo
 *(.debug_srcinfo)

.debug_sfnames
 *(.debug_sfnames)

.debug_aranges
 *(.debug_aranges)

.debug_pubnames
 *(.debug_pubnames)

.debug_info     0x00000000      0x4e6
 *(.debug_info .gnu.linkonce.wi.*)
 .debug_info    0x00000000      0x4e6 C:/Program Files (x86)/Atmel/Studio/7.0/Packs/atmel/ATmega_DFP/1.7.374/gcc/dev/atmega32/avr5/crtatmega32.o

.debug_abbrev   0x00000000      0x4a3
 *(.debug_abbrev)
 .debug_abbrev  0x00000000      0x4a3 C:/Program Files (x86)/Atmel/Studio/7.0/Packs/atmel/ATmega_DFP/1.7.374/gcc/dev/atmega32/avr5/crtatmega32.o

.debug_line     0x00000000      0x116
 *(.debug_line .debug_line.* .debug_line_end)
 .debug_line    0x00000000      0x116 C:/Program Files (x86)/Atmel/Studio/7.0/Packs/atmel/ATmega_DFP/1.7.374/gcc/dev/atmega32/avr5/crtatmega32.o

.debug_frame
 *(.debug_frame)

.debug_str      0x00000000      0x196
 *(.debug_str)
 .debug_str     0x00000000      0x196 C:/Program Files (x86)/Atmel/Studio/7.0/Packs/atmel/ATmega_DFP/1.7.374/gcc/dev/atmega32/avr5/crtatmega32.o

.debug_loc
 *(.debug_loc)

.debug_macinfo
 *(.debug_macinfo)

.debug_weaknames
 *(.debug_weaknames)

.debug_funcnames
 *(.debug_funcnames)

.debug_typenames
 *(.debug_typenames)

.debug_varnames
 *(.debug_varnames)

.debug_pubtypes
 *(.debug_pubtypes)

.debug_ranges
 *(.debug_ranges)

.debug_macro
 *(.debug_macro)
OUTPUT(Smart House.elf elf32-avr)
LOAD linker stubs
